// Jest Snapshot v1, https://goo.gl/fbAQLP

exports[`All Scans Page:  + matches snapshot 1`] = `
<div>
  Loading Scans ...
</div>
`;
